<html>
<body>
<pre>
<h1>µVision Build Log</h1>
<h2>Tool Versions:</h2>
IDE-Version: ¦ÌVision V5.21.1.0
Copyright (C) 2016 ARM Ltd and ARM Germany GmbH. All rights reserved.
License Information: li shuliang.li, byxlk, LIC=1WSII-TLNND-16RQV-PFCAX-Q06QR-VQNXH
 
Tool Versions:
Toolchain:       MDK-ARM Professional  Version: 5.21a
Toolchain Path:  C:\Keil_v521a\ARM\ARMCC\Bin
C Compiler:      Armcc.exe V5.06 update 3 (build 300)
Assembler:       Armasm.exe V5.06 update 3 (build 300)
Linker/Locator:  ArmLink.exe V5.06 update 3 (build 300)
Library Manager: ArmAr.exe V5.06 update 3 (build 300)
Hex Converter:   FromElf.exe V5.06 update 3 (build 300)
CPU DLL:         SARMCM3.DLL V5.21a
Dialog DLL:      DARMCM1.DLL V1.14.0.0
Target DLL:      STLink\ST-LINKIII-KEIL_SWO.dll V2.0.18.0
Dialog DLL:      TARMCM1.DLL V1.10.0.0
 
<h2>Project:</h2>
H:\SmartPowerManagerSystem\spms_vcmm\project\spms_vcmm.uvprojx
Project File Date:  08/02/2020

<h2>Output:</h2>
*** Using Compiler 'V5.06 update 3 (build 300)', folder: 'C:\Keil_v521a\ARM\ARMCC\Bin'
Rebuild target 'spms_vcmm'
compiling ht6xxx_dma.c...
compiling ht6xxx_crc.c...
compiling ht6xxx_aes&rand.c...
compiling ht6xxx_cmu.c...
compiling ht6xxx_exti.c...
compiling system_ht6xxx.c...
compiling ht6xxx_flash.c...
compiling ht6xxx_iic.c...
compiling ht6xxx_lcd.c...
compiling ht6xxx_gpio.c...
compiling ht6xxx_spi.c...
compiling ht6xxx_reset.c...
compiling ht6xxx_rtc.c...
compiling ht6xxx_pmu.c...
assembling startup_ht6x2x.s...
compiling ht6xxx_tbs.c...
compiling ht6xxx_timer.c...
compiling ht6xxx_uart&7816.c...
compiling main.c...
compiling ht6xxx_it.c...
linking...
Program Size: Code=2232 RO-data=1804 RW-data=0 ZI-data=8192  
FromELF: creating hex file...
After Build - User command #1: fromelf.exe --bin -o "H:\SmartPowerManagerSystem\spms_vcmm\project\Objects\spms_vcmm.bin" "H:\SmartPowerManagerSystem\spms_vcmm\project\Objects\spms_vcmm.axf"
".\Objects\spms_vcmm.axf" - 0 Error(s), 0 Warning(s).

<h2>Collection of Component include folders:</h2>
  H:\SmartPowerManagerSystem\spms_vcmm\project\RTE
  C:\Keil_v521a\ARM\PACK\ARM\CMSIS\5.7.0\Device\ARM\ARMCM0\Include

<h2>Collection of Component Files used:</h2>
Build Time Elapsed:  00:00:04
</pre>
</body>
</html>
